// Vitest Snapshot v1, https://vitest.dev/guide/snapshot.html

exports[`LoginCard > should render properly 1`] = `
"<div data-v-47574c68="" class="lg:w-96 w-full sm:h-64 md:h-auto flex flex-col sm:flex-row p-2 sm:p-4 rounded-2xl shadow-lg gap-5 select-none dark:bg-gray-800 bg-white dark:bg-gray-800 dark:text-white">
  <div data-v-47574c68="" class="self-center text-xl font-light text-gray-600 sm:text-2xl dark:text-white">form.title</div>
  <div data-v-47574c68="" class="mt-2">
    <form data-v-47574c68="" autocomplete="off" class="">
      <div data-v-47574c68="" class="flex flex-col mb-2">
        <div data-v-47574c68="" class="flex relative flex-wrap input-group"><label data-v-47574c68="" for="username" class="prefix-input">
            <nuxt-icon-stub data-v-47574c68="" name="mail"></nuxt-icon-stub>
          </label><input data-v-47574c68="" id="username" type="text" name="username" placeholder="form.placeholder.email">
          <nuxt-icon-stub data-v-47574c68="" name="times" class="error--icon"></nuxt-icon-stub>
        </div>
      </div>
      <div data-v-47574c68="" class="flex flex-col mb-4">
        <div data-v-47574c68="" class="flex relative flex-wrap input-group"><label data-v-47574c68="" for="password" class="prefix-input">
            <nuxt-icon-stub data-v-47574c68="" name="unlock"></nuxt-icon-stub>
          </label><input data-v-47574c68="" id="password" type="password" name="password" placeholder="form.placeholder.password">
          <nuxt-icon-stub data-v-47574c68="" name="times" class="error--icon"></nuxt-icon-stub>
        </div>
        <p data-v-47574c68="" class="text-sm text-red-500 -bottom-6 w-full error--message">form.invalid.message</p>
      </div>
      <div data-v-47574c68="" class="flex w-full"><button data-v-47574c68="" type="button" class="py-2 px-4 h-10 bg-purple-600 hover:bg-purple-700 focus:ring-purple-500 focus:ring-offset-purple-200 text-white w-full transition ease-in duration-200 text-center text-base font-semibold shadow-md focus:outline-none focus:ring-2 focus:ring-offset-2 rounded-lg">form.submit.button</button></div>
    </form>
  </div>
</div>"
`;
