// Vitest Snapshot v1, https://vitest.dev/guide/snapshot.html

exports[`CardErrorVue > should render properly 1`] = `"<base-card-default bg-color=\\"bg-red-300 dark:bg-red-500 dark:text-white\\">Error</base-card-default>"`;

exports[`CardErrorVue should render properly 1`] = `"<base-card-default bg-color="bg-red-300 dark:bg-red-500 dark:text-white">Error</base-card-default>"`;
