// Vitest Snapshot v1, https://vitest.dev/guide/snapshot.html

exports[`MovieCardLoadingVue > should render properly 1`] = `
"<basecard>
  <div class="sm:w-72 h-52 sm:h-full rounded-xl animate-pulse bg-gray-200 dark:bg-gray-600"></div>
  <div class="flex flex-1 flex-col gap-5 sm:p-2 sm:pt-0">
    <div class="flex flex-1 flex-col gap-3">
      <div class="w-full h-16 rounded-2xl animate-pulse bg-gray-200 dark:bg-gray-600"></div>
      <div class="w-full h-16 rounded-2xl animate-pulse bg-gray-200 dark:bg-gray-600"></div>
    </div>
    <div class="flex mt-auto gap-3">
      <div class="w-20 h-8 rounded-full animate-pulse bg-gray-200 dark:bg-gray-600"></div>
      <div class="w-20 h-8 rounded-full animate-pulse bg-gray-200 dark:bg-gray-600"></div>
      <div class="w-20 h-8 rounded-full ml-auto animate-pulse bg-gray-200 dark:bg-gray-600"></div>
    </div>
  </div>
</basecard>"
`;
