// Vitest Snapshot v1, https://vitest.dev/guide/snapshot.html

exports[`SwitchToggleVue > should render properly 1`] = `"<div data-v-5185cce9=\\"\\" class=\\"relative inline-block w-10 mr-2 align-middle select-none transition duration-200 ease-in\\"><input data-v-5185cce9=\\"\\" id=\\"toggle-input\\" class=\\"toggle-checkbox absolute block w-6 h-6 rounded-full bg-white border-4 appearance-none cursor-pointer\\" type=\\"checkbox\\" name=\\"toggle\\"><label data-v-5185cce9=\\"\\" for=\\"toggle-input\\" class=\\"toggle-label block overflow-hidden h-6 rounded-full bg-gray-300 cursor-pointer\\"></label></div>"`;

exports[`SwitchToggleVue should render properly 1`] = `"<div class="relative inline-block w-10 mr-2 align-middle select-none transition duration-200 ease-in"><input id="toggle-input" class="toggle-checkbox absolute block w-6 h-6 rounded-full bg-white border-4 appearance-none cursor-pointer" type="checkbox" name="toggle"><label for="toggle-input" class="toggle-label block overflow-hidden h-6 rounded-full bg-gray-300 cursor-pointer"></label></div>"`;
