// Jest Snapshot v1, https://goo.gl/fbAQLP

exports[`SwitchToggleVue should render properly 1`] = `"<div class="relative inline-block w-10 mr-2 align-middle select-none transition duration-200 ease-in"><input id="toggle-input" class="toggle-checkbox absolute block w-6 h-6 rounded-full bg-white border-4 appearance-none cursor-pointer" type="checkbox" name="toggle"><label for="toggle-input" class="toggle-label block overflow-hidden h-6 rounded-full bg-gray-300 cursor-pointer"></label></div>"`;
